[  000000] Initiling cro subsys cpuset
[    0.000000] Initilizing cgroup subsys cpu
[    0.000000] Initializing cgroup subsys cpuacct
[    0.000000] Linux version 4.4.0-134-generc (buildd@lgw01-amd64-03) (gcvesion 5.4.0 20160 (Ubuntu 5.4.0-6ubuntu1~16.04.10) ) #160-Ubuntu SMP Wed Aug 15 14:58:00 UTC 2018 (Ubuntu 4.4.0-134.160-generic 4.4.140)
[    0.000000] Command line: BOOT_IMAGE=/boot/vmlinuz-4.4.0-134-genericro=LABEL=cloudimg-rootfs ro console=tty1 console=ttyS0
[   0.000000] KERNEL supportedpus:
[  .000000]   Intel enineItel
[    0.000000]   AMD AheticAMD
[    0.000000]   Centaur CentaurHauls
[    0.000000] x86/fpu: xstate_offset[2]:  576, xstate_sizes[2]:  256
[    0.000000] x86/fpu: Supporting XSAVE feature 0x01: 'x8 foaing point registers'
[    0.00000x8/fp: pprtinXSVEfeatrex0: 'SSE rgiers'
[    0.00000] x/f: Supptig XSAVE feature 0x04: 'AVX registers'
[  000000]x8fp: Enlexstate features 0x7, context size is 83byes, sig 'anrd' rmt.
[   00000] e82: OS-proviedhyical RAM map:[   0.0000 BOSe8: mem x000000000-0x00000009fff uable
[  0.00000 BS-820:me0x000000009f000x00000009ff] esved
[    00000] BS-820:me 0000000000f000-0000000ffffrerved[   0.0000] IOS-82 [em0x0000000100-0x00000ffff usae[   00000] IOe820: em0x000003ff0000-00000003ffff] ACPI dat
[   .00000 BS-820: [m x00000f00000-0x0000fec0ff rserv
   0.000000BIS-82: [mem 0x00000000fee00000-0x00000000fee00fff] reserved
[    0.000000] BIOS-e820: [mem 0x00000000fffc0000-0x00000000ffffffff] reserved
[    0.000] NX (Execute Disble) protection: active
[    0.000000] SMBIOS 5 prese.[    00000] pervsor ette: K
   00000 e82 lat_fn= x3fff0 mx_ar_p = 00000000
[   0.00] MTRR:isbled
[    0.000000] x86/PAT: MTRRs disabled, skipping PAT initializatn oo.   0.000000] CPMTRsall blank - vrtalize stem.
[   0.0000]x8/PAT: oniguation [0-7 W  WT U U  WB  T C-UC  
[   .00000] undSMP P-able at me 0009ff0x009ff] ppedat[fff8800009fff0]
[   .00000] Scnnng1 arasor lw moy crutin
[  00000] AMSK: me0x363000x3717dfff]
[    0.000000] ACPI: Early table checksum verification dabed
[  0000000] ACPI: RSDP 0x00000000000E00000024 v0 VOX  )
[    0.000000] ACPI:SD0x000003FFF030 00003C (v01 VOX VBOXXSDT 00000001 ASL  00000061)
[  0.000000] ACPI: FACP 0x000000003FFF00F0 0000F4 (v04 VBOX   VBOXFACP 00000001 ASL  00000061)
[    0.000000] ACPI: DSDT 0x000003FFF0470 0021FF (v02 VBOX  BOXIOS 0000002 INTL 20100528)
[    0.000000] ACPI:FAS 0x0000003FF020 000[  0.0000 API: CSx000003FF00 0040
[  000000]AC: AP 000000003FFF040005C v0VBX  VXAIC 000001 L  000001)
[   000000] ACPI: SSDT 0x000003FFF02A0 0001CC (01 OX VBOXCUT000002 NTL 20058)
[   000000] No NUMA configuration ou
[    0.000000] Faking a node at [mem 0x0000000000000000-0x000000003ffeffff]
[    0.000000] NODE_DATA(0) aocted [mem 0x3fe00-03ffefff]
[    0.000000] kvm-clock: Using msrs4b4d1 and 4b564d00
[    0.000000] kvm-coc cpu0,ms 03f301, pimy cpu clock[   0000] kvclk: using sched offset of 4350517840 cycles
[    0.000000] clocksource: kvm-clock: mask: 0xfffffffffffff m_cles: 01c2e4dfbmax_idle_ns: 881590591483 ns
[    0.000000] Zoneraes:
[    0.0000]   DMA     [mem 0x0000000000001000-0x0000000000ffffff]
[    0.000000]   DMA32    [mem 0x0000000001000000-0x000000003ffeffff]
[    0.000000]   Normal   empty
[    0.000000]   Device   empty
[    0.0000] Movleone tart for each node
[    0.000000] Early memory node anes
[  .000000]   node   0: [mem 0x0000000000001000-0x000000000009efff]
[    0.000000]  od    [memx00000000000-000000003ffeffff]   0.0000]nitme supnoe 0 [mem 0x0000000000001000x000000003ffeffff]
[  0000000] ACPI: P-Tme IO ort: 0x4008
[    0.000000] IAPC[0]:apc_d , rson 3, drss 0ec0000, SI 0-23
[    0.000000] ACPI: INT_SRC_OVR (bus 0 bus_irq 0 global_irq 2 dfl dfl)
[    0.000000] ACP: NT_SRC_OV (s  bus_irq 9glalirq 9 low level)
[    0.000000] Using ACPI (MADT) for SMP configuration information
[    0.000000] smpboot: Allowing 2 CPUs, 0 hotplug CPUs
[    0.000000] PM: Registered nosave mmoy: [mem 0x00000x0000ff
[    0.000000] PM: Registered nosae moy: [mem x09f000x09fff]
[    0.000000] PM: Registered nosave mmoy:[mem 0x00a00-0x0efff]   0.0000] PM: gistered nosave memory: [mem 0x000f0000-0000ffff]
[    0.00000]e820: [mem 0x400000xfebfffff] available for PCI devce
[    0.000000] Booting paravirtualizzed kernel onKV
[   0.00000] loksource: refid-ffies:as 0xffffffff max_cycles: 0xffffffff, max_idle_nns: 74596021158 
    0.0000 stup_percpu: NR_CPUS:512 nr_cpumask_bits:5512 n_c_is:2 nnoe_ds
    0000] PERCPU: Embdd 34 ag/cu @ff803fc00 s9544r82 31528 04576[  0.0000 PV pilok hashable tries: 256 (order: 0, 4096 bytes)
[    .00000 Bilt 1 znests  Ne ordr,oblity roing n.Toalpaes25791
[   0.000]Policzo: DMA32
[  000000] Keelcommad ne BOOIME=/botmlnuz-4.4.0-134-generic root=LABEL=cloudimg-rootfs ro console=tty1 console=ttyS0
[    0.0000 PID hsh table nties: 409(order: 3, 3768 byes)
[   0.0000 Mmo: 9774K/104810K available (8554 kne code, 14 rwdta 404K rodata, 516 iit, 31 bs,03K reerd,0Kmaeserve
   0000] SLUBHWlign64 Ordr=0- Minject0,PUs=2, od=1
[  0.0000]KerelUserag tbles islaon ebl
[  00000 Herchal RCU ileentaon
    0.000] 	Bldime adjtmnt  laf fanout to 4.
[  0.0000] 	RCU restrictting CPUs from NR_CPUS=512 to nr_cpu_ids=2.
[    0.000000] RCU: juing omry for rcu_fanout_af64, nrpuids=
[    0.00000] N_IQS33024 nr_irqs:440 16
[    0.000000]Cosoe: coou VA+ 80x25[   .00000console [tty1] enabled
[    0.000000] console [ttyS0] eabld
[    0.000000] tsc: Detected 2303.998 MHz processor
[   16.472454] Calibrating delay loop (skipped) preset value.. 4607.99 BogoMIPS (lpj=9215992)
[   16.509218] pid_max: default: 32768 minimum: 301
[   16.545321] ACPI: Core revision 20150930
[   16.576244] ACPI: 2 ACPI AML tables successfully acquired and loaded
[   16.645401] Security Framework initialized
[   16.686576] Yama: becoming mindful.
[   16.705540] AppArmor: AppArmor initialized
[   16.750991] Dentry cache hash table entries: 131072 (order: 8, 1048576 bytes)
[   16.780707] Inode-cache hash table entries: 65536 (order: 7, 524288 bytes)
[   16.851019] Mount-cache hash table entries: 2048 (order: 2, 16384 bytes)
[   16.980401] Mountpoint-cache hash table entries: 2048 (order: 2, 16384 bytes)
[   17.008740] Initializing cgroup subsys io
[   17.010007] Initializing cgroup subsys memory
[   17.056953] Initializing cgroup subsys devices
[   17.121862] Initializing cgroup subsys freezer
[   17.162392] Initializing cgroup subsys net_cls
[   17.177221] Initializing cgroup subsys perf_event
[   17.183150] Initializing cgroup subsys net_prio
[   17.195224] Initializing cgroup subsys hugetlb
[   17.226170] Initializing cgroup subsys pids
[   17.230254] mce: CPU supports 0 MCE banks
[   17.271720] Last level iTLB entries: 4KB 64, 2MB 8, 4MB 8
[   17.338657] Last level dTLB entries: 4KB 64, 2MB 0, 4MB 0, 1GB 4
[   17.362698] Spectre V2 : Mitigation: Full generic retpoline
[   17.377552] Spectre V2 : Speculation control IBPB not-supported IBRS not-supported
[   17.479157] Spectre V2 : Filling RSB on context switch
[   17.517520] Speculative Store Bypass: Vulnerable
[   17.557264] Freeing SMP alternatives memory: 32K
[   17.592832] ftrace: allocating 32266 entries in 127 pages
[   17.711769] smpboot: APIC(0) Converting physical 0 to logical package 0
[   17.768577] smpboot: Max logical packages: 1
[   17.778801] x2apic enabled
[   17.793840] Switched APIC routing to physical x2apic.
[   17.856164] ..TIMER: vector=0x30 apic1=0 pin1=2 apic2=-1 pin2=-1
[   18.024822] smpboot: CPU0: Intel(R) Core(TM) i5-7360U CPU @ 2.30GHz (family: 0x6, model: 0x8e, stepping: 0x9)
[   18.095100] Performance Events: unsupported p6 CPU model 142 no PMU driver, software events only.
[   18.187119] KVM setup paravirtual spinlock
[   18.260988] x86: Booting SMP configuration:
[   18.354073] .... node  #0, CPUs:      #1
[   18.381617] kvm-clock: cpu 1, msr 0:3ffe3041, secondary cpu clock
[   18.434475] mce: CPU supports 0 MCE banks
[   18.450984] x86: Booted up 1 node, 2 CPUs
[   18.461248] smpboot: Total of 2 processors activated (9215.99 BogoMIPS)
[   18.484325] devtmpfs: initialized
[   18.514612] evm: security.selinux
[   18.559812] evm: security.SMACK64
[   18.575878] evm: security.SMACK64EXEC
[   18.588776] evm: security.SMACK64TRANSMUTE
[   18.590574] evm: security.SMACK64MMAP
[   18.613830] evm: security.ima
[   18.621091] evm: security.capability
[   18.671321] clocksource: jiffies: mask: 0xffffffff max_cycles: 0xffffffff, max_idle_ns: 7645041785100000 ns
[   18.728081] futex hash table entries: 512 (order: 3, 32768 bytes)
[   18.731141] pinctrl core: initialized pinctrl subsystem
[   18.740946] RTC time: 19:19:27, date: 08/28/18
[   18.777188] NET: Registered protocol family 16
[   18.793820] cpuidle: using governor ladder
[   18.821286] cpuidle: using governor menu
[   18.858046] PCCT header not found.
[   18.880098] ACPI: bus type PCI registered
[   18.888269] acpiphp: ACPI Hot Plug PCI Controller Driver version: 0.5
[   18.922947] PCI: Using configuration type 1 for base access
[   18.966919] ACPI: Added _OSI(Module Device)
[   18.979756] ACPI: Added _OSI(Processor Device)
[   18.981240] ACPI: Added _OSI(3.0 _SCP Extensions)
[   18.983072] ACPI: Added _OSI(Processor Aggregator Device)
[   19.010270] ACPI: Executed 1 blocks of module-level executable AML code
[   19.115070] ACPI: Interpreter enabled
[   19.169456] ACPI: (supports S0 S5)
[   19.180889] ACPI: Using IOAPIC for interrupt routing
[   19.207893] PCI: Using host bridge windows from ACPI; if necessary, use "pci=nocrs" and report a bug
[   19.351681] ACPI: PCI Root Bridge [PCI0] (domain 0000 [bus 00-ff])
[   19.426326] acpi PNP0A03:00: _OSC: OS supports [ASPM ClockPM Segments MSI]
[   19.488718] acpi PNP0A03:00: _OSC: not requesting OS control; OS requires [ExtendedConfig ASPM ClockPM MSI]
[   19.574454] acpi PNP0A03:00: fail to add MMCONFIG information, can't access extended PCI configuration space under this bridge.
[   19.601728] PCI host bridge to bus 0000:00
[   19.608421] pci_bus 0000:00: root bus resource [io  0x0000-0x0cf7 window]
[   19.613137] pci_bus 0000:00: root bus resource [io  0x0d00-0xffff window]
[   19.630157] pci_bus 0000:00: root bus resource [mem 0x000a0000-0x000bffff window]
[   19.652834] pci_bus 0000:00: root bus resource [mem 0x40000000-0xfdffffff window]
[   19.688090] pci_bus 0000:00: root bus resource [bus 00-ff]
[   19.756721] pci 0000:00:01.1: legacy IDE quirk: reg 0x10: [io  0x01f0-0x01f7]
[   19.807649] pci 0000:00:01.1: legacy IDE quirk: reg 0x14: [io  0x03f6]
[   19.827349] pci 0000:00:01.1: legacy IDE quirk: reg 0x18: [io  0x0170-0x0177]
[   19.870716] pci 0000:00:01.1: legacy IDE quirk: reg 0x1c: [io  0x0376]
[   19.939239] pci 0000:00:07.0: quirk: [io  0x4000-0x403f] claimed by PIIX4 ACPI
[   19.999720] pci 0000:00:07.0: quirk: [io  0x4100-0x410f] claimed by PIIX4 SMB
[   20.032091] ACPI: PCI Interrupt Link [LNKA] (IRQs 5 9 10 *11)
[   20.070732] ACPI: PCI Interrupt Link [LNKB] (IRQs 5 9 *10 11)
[   20.146757] ACPI: PCI Interrupt Link [LNKC] (IRQs 5 *9 10 11)
[   20.224751] ACPI: PCI Interrupt Link [LNKD] (IRQs 5 9 10 *11)
[   20.268485] ACPI: Enabled 2 GPEs in block 00 to 07
[   20.319661] vgaarb: setting as boot device: PCI:0000:00:02.0
[   20.376334] vgaarb: device added: PCI:0000:00:02.0,decodes=io+mem,owns=io+mem,locks=none
[   20.504603] vgaarb: loaded
[   20.538620] vgaarb: bridge control possible 0000:00:02.0
[   20.634727] SCSI subsystem initialized
[   20.692568] ACPI: bus type USB registered
[   20.750454] usbcore: registered new interface driver usbfs
[   20.783196] usbcore: registered new interface driver hub
[   20.865675] usbcore: registered new device driver usb
[   20.906343] PCI: Using ACPI for IRQ routing
[   20.966280] NetLabel: Initializing
[   21.001644] NetLabel:  domain hash size = 128
[   21.034177] NetLabel:  protocols = UNLABELED CIPSOv4
[   21.041428] NetLabel:  unlabeled traffic allowed by default
[   21.105289] amd_nb: Cannot enumerate AMD northbridges
[   21.141131] clocksource: Switched to clocksource kvm-clock
[   21.172003] ApArr:Aprm FesteEnbl
   2.654] npPnAC it  1.12] p:nPCP fod dece
[   22.524575] clocksource: acpi_pm: mask: 0xffffff max_cycles: 0xffffff, max_idle_ns: 2085701024 ns
[   22.603985] NET: Registered protocol family 2
[   22.645727] TCP established hash table entries: 8192 (order: 4, 65536 bytes)
[   22.701781] TCP bind hash table entries: 8192 (order: 5, 131072 bytes)
[   22.714842] TCP: Hash tables configured (established 8192 bind 8192)
[   22.753787] UDP hash table entries: 512 (order: 2, 16384 bytes)
[   22.763100] UDP-Lite hash table entries: 512 (order: 2, 16384 bytes)
[   22.801754] NET: Registered protocol family 1
[   22.810689] pci 0000:00:00.0: Limiting direct PCI/PCI transfers
[   22.841356] pci 0000:00:01.0: Activating ISA DMA hang workarounds
[   22.870278] Unpacking initramfs...
[   23.149272] Freeing initrd memory: 14792K
[   23.192443] platform rtc_cmos: registered platform RTC device (no PNP device found)
[   23.251932] Scanning for low memory corruption every 60 seconds
[   23.393623] audit: initializing netlink subsys (disabled)
[   23.440294] audit: type=2000 audit(1535483956.915:1): initialized
[   23.502264] Initialise system trusted keyring
[   23.541926] HugeTLB registered 2 MB page size, pre-allocated 0 pages
[   23.644276] zbud: loaded
[   23.680000] VFS: Disk quotas dquot_6.6.0
[   23.745799] VFS: Dquot-cache hash table entries: 512 (order 0, 4096 bytes)
[   23.812975] squashfs: version 4.0 (2009/01/31) Phillip Lougher
[   23.881945] fuse init (API version 7.23)
[   23.883177] Key type big_key registered
[   23.890095] Allocating IMA MOK and blacklist keyrings.
[   23.928626] Key type asymmetric registered
[   23.950239] Asymmetric key parser 'x509' registered
[   23.984630] Block layer SCSI generic (bsg) driver version 0.4 loaded (major 249)
[   24.062699] io scheduler noop registered
[   24.102620] io scheduler deadline registered (default)
[   24.141846] io scheduler cfq registered
[   24.200056] tsc: Refined TSC clocksource calibration: 2304.253 MHz
[   24.208319] pci_hotplug: PCI Hot Plug PCI Core version: 0.5
[   24.208325] pciehp: PCI Express Hot Plug Controller Driver version: 0.4
[   24.208986] ACPI: AC Adapter [AC] (on-line)
[   24.209041] input: Power Button as /devices/LNXSYSTM:00/LNXPWRBN:00/input/input0
[   24.209044] ACPI: Power Button [PWRF]
[   24.209131] input: Sleep Button as /devices/LNXSYSTM:00/LNXSLPBN:00/input/input1
[   24.209133] ACPI: Sleep Button [SLPF]
[   24.213294] GHES: HEST is not enabled!
[   24.214992] ACPI: Battery Slot [BAT0] (battery present)
[   24.217979] Serial: 8250/16550 driver, 32 ports, IRQ sharing enabled
[   24.287669] 00:02: ttyS0 at I/O 0x3f8 (irq = 4, base_baud = 115200) is a 16550A
[   24.390551] Linux agpgart interface v0.103
[   24.430161] loop: module loaded
[   24.430642] scsi host0: ata_piix
[   24.430683] scsi host1: ata_piix
[   24.430705] ata1: PATA max UDMA/33 cmd 0x1f0 ctl 0x3f6 bmdma 0xd000 irq 14
[   24.430706] ata2: PATA max UDMA/33 cmd 0x170 ctl 0x376 bmdma 0xd008 irq 15
[   24.430763] libphy: Fixed MDIO Bus: probed
[   24.430765] tun: Universal TUN/TAP device driver, 1.6
[   24.430765] tun: (C) 1999-2004 Max Krasnyansky <maxk@qualcomm.com>
[   24.431087] PPP generic driver version 2.4.2
[   24.431131] ehci_hcd: USB 2.0 'Enhanced' Host Controller (EHCI) Driver
[   24.431134] ehci-pci: EHCI PCI platform driver
[   24.431146] ehci-platform: EHCI generic platform driver
[   24.431153] ohci_hcd: USB 1.1 'Open' Host Controller (OHCI) Driver
[   24.431155] ohci-pci: OHCI PCI platform driver
[   24.431161] ohci-platform: OHCI generic platform driver
[   24.431166] uhci_hcd: USB Universal Host Controller Interface driver
[   24.431209] i8042: PNP: PS/2 Controller [PNP0303:PS2K,PNP0f03:PS2M] at 0x60,0x64 irq 1,12
[   24.431601] serio: i8042 KBD port at 0x60,0x64 irq 1
[   24.431604] serio: i8042 AUX port at 0x60,0x64 irq 12
[   24.431675] mousedev: PS/2 mouse device common for all mice
[   24.432048] input: AT Translated Set 2 keyboard as /devices/platform/i8042/serio0/input/input2
[   24.432441] rtc_cmos rtc_cmos: rtc core: registered rtc_cmos as rtc0
[   24.432499] rtc_cmos rtc_cmos: alarms up to one day, 114 bytes nvram
[   24.432506] i2c /dev entries driver
[   24.432564] device-mapper: uevent: version 1.0.3
[   24.432621] device-mapper: ioctl: 4.34.0-ioctl (2015-10-28) initialised: dm-devel@redhat.com
[   24.432639] ledtrig-cpu: registered to indicate activity on CPUs
[   24.433352] NET: Registered protocol family 10
[   24.433808] NET: Registered protocol family 17
[   24.433816] Key type dns_resolver registered
[   24.434005] registered taskstats version 1
[   24.434014] Loading compiled-in X.509 certificates
[   24.434533] Loaded X.509 cert 'Build time autogenerated kernel key: 4eb3d024ac16f76c1747ffd474694c84db21038b'
[   24.434554] zswap: loaded using pool lzo/zbud
[   24.436422] Key type trusted registered
[   24.440213] Key type encrypted registered
[   24.440220] AppArmor: AppArmor sha1 policy hashing enabled
[   24.440222] ima: No TPM chip found, activating TPM-bypass!
[   24.440226] ima: Allocated hash algorithm: sha1
[   24.440236] evm: HMAC attrs: 0x1
[   24.440564]   Magic number: 14:404:345
[   24.440582] tty tty62: hash matches
[   24.450281] rtc_cmos rtc_cmos: setting system clock to 2018-08-28 19:19:32 UTC (1535483972)
[   24.450379] BIOS EDD facility v0.16 2004-Jun-25, 0 devices found
[   24.450379] EDD information not available.
[   26.475594] clocksource: tsc: mask: 0xffffffffffffffff max_cycles: 0x2136e6ee624, max_idle_ns: 440795273213 ns
[   26.534060] Freeing unused kernel memory: 1516K
[   26.593742] Write protecting the kernel read-only data: 14336k
[   26.655914] Freeing unused kernel memory: 1672K
[   27.640835] Freeing unused kernel memory: 92K
Loading, please wait...
[   27.684683] random: systemd-udevd: uninitialized urandom read (16 bytes read, 9 bits of entropy available)
starting version[   27.685267] random: udevadm: uninitialized urandom read (16 bytes read, 9 bits of entropy available)
 229
[   27.685381] random: udevadm: uninitialized urandom read (16 bytes read, 9 bits of entropy available)
[   27.694447] random: udevadm: uninitialized urandom read (16 bytes read, 9 bits of entropy available)
[   27.694482] random: udevadm: uninitialized urandom read (16 bytes read, 9 bits of entropy available)
[   27.694585] random: udevadm: uninitialized urandom read (16 bytes read, 9 bits of entropy available)
[   27.694621] random: udevadm: uninitialized urandom read (16 bytes read, 9 bits of entropy available)
[   27.694655] random: udevadm: uninitialized urandom read (16 bytes read, 9 bits of entropy available)
[   27.694692] random: udevadm: uninitialized urandom read (16 bytes read, 9 bits of entropy available)
[   27.694725] random: udevadm: uninitialized urandom read (16 bytes read, 9 bits of entropy available)
[   28.210686] e1000: Intel(R) PRO/1000 Network Driver - version 7.3.21-k8-NAPI
[   28.224782] e1000: Copyright (c) 1999-2006 Intel Corporation.
[   28.224853] Fusion MPT base driver 3.04.20
[   28.224853] Copyright (c) 1999-2008 LSI Corporation
[   28.263950] AVX2 version of gcm_enc/dec engaged.
[   28.280679] AES CTR mode by8 optimization enabled
[   28.283057] Fusion MPT SPI Host driver 3.04.20
[   28.297209] mptbase: ioc0: Initiating bringup
[   28.462876] input: ImExPS/2 Generic Explorer Mouse as /devices/platform/i8042/serio1/input/input4
[   28.525412] ioc0: LSI53C1030 A0: Capabilities={Initiator}
[   28.706222] scsi host2: ioc0: LSI53C1030 A0, FwRev=00000000h, Ports=1, MaxQ=256, IRQ=20
[   28.872530] scsi 2:0:0:0: Direct-Access     VBOX     HARDDISK         1.0  PQ: 0 ANSI: 5
[   28.931983] scsi target2:0:0: Beginning Domain Validation
[   29.039773] scsi target2:0:0: Domain Validation skipping write tests
[   29.060576] scsi target2:0:0: Ending Domain Validation
[   29.062386] scsi target2:0:0: asynchronous
[   29.073055] scsi 2:0:1:0: Direct-Access     VBOX     HARDDISK         1.0  PQ: 0 ANSI: 5
[   29.094890] scsi target2:0:1: Beginning Domain Validation
[   29.111449] scsi target2:0:1: Domain Validation skipping write tests
[   29.127141] scsi target2:0:1: Ending Domain Validation
[   29.129768] scsi target2:0:1: asynchronous
[   29.172067] sd 2:0:0:0: Attached scsi generic sg0 type 0
[   29.180116] sd 2:0:0:0: [sda] 20971520 512-byte logical blocks: (10.7 GB/10.0 GiB)
[   29.196242] sd 2:0:1:0: Attached scsi generic sg1 type 0
[   29.200549] sd 2:0:1:0: [sdb] 20480 512-byte logical blocks: (10.5 MB/10.0 MiB)
[   29.200887] sd 2:0:1:0: [sdb] Write Protect is off
[   29.209063] sd 2:0:1:0: [sdb] Incomplete mode parameter data
[   29.209064] sd 2:0:1:0: [sdb] Assuming drive cache: write through
[   29.249030] sd 2:0:0:0: [sda] Write Protect is off
[   29.251585] sd 2:0:0:0: [sda] Incomplete mode parameter data
[   29.260077] sd 2:0:0:0: [sda] Assuming drive cache: write through
[   29.285883]  sda: sda1
[   29.297521] sd 2:0:1:0: [sdb] Attached SCSI disk
[   29.300092] sd 2:0:0:0: [sda] Attached SCSI disk
[   29.506849] e1000 0000:00:03.0 eth0: (PCI:33MHz:32-bit) 02:93:23:4d:82:b3
[   29.514594] e1000 0000:00:03.0 eth0: Intel(R) PRO/1000 Network Connection
[   30.278588] e1000 0000:00:08.0 eth1: (PCI:33MHz:32-bit) 08:00:27:cb:01:fb
[   30.318874] e1000 0000:00:08.0 eth1: Intel(R) PRO/1000 Network Connection
[   30.334083] e1000 0000:00:08.0 enp0s8: renamed from eth1
[   30.421455] e1000 0000:00:03.0 enp0s3: renamed from eth0
Begin: Loading essential drivers ... [   31.843631] md: linear personality registered for level -1
[   31.885206] md: multipath personality registered for level -4
[   31.899661] md: raid0 personality registered for level 0
[   31.958406] md: raid1 personality registered for level 1
[   32.061164] raid6: sse2x1   gen()  6274 MB/s
[   32.161296] raid6: sse2x1   xor()  7153 MB/s
[   32.269224] raid6: sse2x2   gen() 11083 MB/s
[   32.361357] raid6: sse2x2   xor()  8266 MB/s
[   32.461652] raid6: sse2x4   gen() 13125 MB/s
[   32.553213] raid6: sse2x4   xor() 10153 MB/s
[   32.641486] raid6: avx2x1   gen() 17977 MB/s
[   32.769636] raid6: avx2x2   gen() 23677 MB/s
[   32.917384] raid6: avx2x4   gen() 24680 MB/s
[   32.969963] raid6: using algorithm avx2x4 gen() 24680 MB/s
[   33.027493] raid6: using avx2x2 recovery algorithm
[   33.047926] xor: automatically using best checksumming function:
[   33.154852]    avx       : 29816.000 MB/sec
[   33.173260] async_tx: api initialized (async)
[   33.211326] md: raid6 personality registered for level 6
[   33.230993] md: raid5 personality registered for level 5
[   33.232909] md: raid4 personality registered for level 4
[   33.276997] md: raid10 personality registered for level 10
done.
Begin: Running /scripts/init-premount ... done.
Begin: Mounting root file syste[   33.331983] Btrfs loaded
m ... Begin: Running /scripts/local-top ... done.
Begin: Running /scripts/local-premount ... Scanning for Btrfs filesystems
done.
Warning: fsck no[   33.382020] EXT4-fs (sda1)) mounted filesystem with ordered data mode. Opts: (null)
t present, so skipping root file system
done.
Begin: Running /scripts/local-bottom ... done.
Begin: Running /scripts/init-bottom ... done.
[   33.584074] systemd[1]: systemd 229 running in system mode. (+PAM +AUDIT +SELINUX +IMA +APPARMOR +SMACK +SYSVINIT +UTMP +LIBCRYPTSETUP +GCRYPT +GNUTLS +ACL +XZ -LZ4 +SECCOMP +BLKID +ELFUTILS +KMOD -IDN)
[   33.645020] systemd[1]: Detected virtualization oracle.
[   33.673948] systemd[1]: Detected architecture x86-64.

Welcome to [1mUbuntu 16.04.5 LTS[0m!

[   33.780582] systemd[1]: Set hostname to <ubuntu-xenial>.
[   33.975911] systemd[1]: Listening on Device-mapper event daemon FIFOs.
[[0;32m  OK  [0m] Listening on Device-mapper event daemon FIFOs.
[   34.054180] systemd[1]: Reached target Swap.
[[0;32m  OK  [0m] Reached target Swap.
[   34.090083] systemd[1]: Reached target User and Group Name Lookups.
[[0;32m  OK  [0m] Reached target User and Group Name Lookups.
[   34.117746] systemd[1]: Listening on Journal Socket (/dev/log).
[[0;32m  OK  [0m] Listening on Journal Socket (/dev/log).
[   34.170205] systemd[1]: Listening on udev Control Socket.
[[0;32m  OK  [0m] Listening on udev Control Socket.
[   34.237677] systemd[1]: Listening on LVM2 metadata daemon socket.
[[0;32m  OK  [0m] Listening on LVM2 metadata daemon socket.
[   34.310592] systemd[1]: Listening on Journal Audit Socket.
[[0;32m  OK  [0m] Listening on Journal Audit Socket.
[   34.379536] systemd[1]: Set up automount Arbitrary Executable File Formats File System Automount Point.
[[0;32m  OK  [0m] Set up automount Arbitrary Executab...ats File System Automount Point.
[   34.494160] systemd[1]: Reached target Encrypted Volumes.
[[0;32m  OK  [0m] Reached target Encrypted Volumes.
[   34.586918] systemd[1]: Created slice User and Session Slice.
[[0;32m  OK  [0m] Created slice User and Session Slice.
[   34.655474] systemd[1]: Started Trigger resolvconf update for networkd DNS.
[[0;32m  OK  [0m] Started Trigger resolvconf update for networkd DNS.
[   34.725672] systemd[1]: Listening on /dev/initctl Compatibility Named Pipe.
[[0;32m  OK  [0m] Listening on /dev/initctl Compatibility Named Pipe.
[   34.826854] systemd[1]: Created slice System Slice.
[[0;32m  OK  [0m] Created slice System Slice.
[   34.859455] systemd[1]: Reached target Slices.
[[0;32m  OK  [0m] Reached target Slices.
[   34.955153] systemd[1]: Listening on LVM2 poll daemon socket.
[[0;32m  OK  [0m] Listening on LVM2 poll daemon socket.
[   35.046046] systemd[1]: Started Forward Password Requests to Wall Directory Watch.
[[0;32m  OK  [0m] Started Forward Password Requests to Wall Directory Watch.
[   35.159322] systemd[1]: Created slice system-serial\x2dgetty.slice.
[[0;32m  OK  [0m] Created slice system-serial\x2dgetty.slice.
[   35.202544] systemd[1]: Listening on udev Kernel Socket.
[[0;32m  OK  [0m] Listening on udev Kernel Socket.
[   35.234201] systemd[1]: Reached target System Time Synchronized.
[[0;32m  OK  [0m] Reached target System Time Synchronized.
[   35.282409] systemd[1]: Listening on Journal Socket.
[[0;32m  OK  [0m] Listening on Journal Socket.
[   35.383867] random: nonblocking pool is initialized
[   35.445393] systemd[1]: Mounting Debug File System...
         Mounting Debug File System...
[   35.586122] systemd[1]: Starting Remount Root and Kernel File Systems...
[   35.590937] EXT4-fs (sda1): re-mounted. Opts: (null)
         Starting Remount Root and Kernel File Systems...
[   35.845931] systemd[1]: Starting Load Kernel Modules...
[   358675LoiniSI anorcls .070

         Startin[   36.594461] iscsi: registered transport (tcp)
g Load Kernel Modules...
[   36.994795] systemd[1]: Starting Uncomplicated firewall...
[   37.033271] iscsi: registered transport (iser)
         Starting Uncomplicated firewall...
[   37.101380] systemd[1]: Starting Create list of required static device nodes for the current kernel...
         Starting Create list of required st... nodes for the current kernel...
[   37.230169] systemd[1]: Starting Set console keymap...
         Starting Set console keymap...
[   37.272244] systemd[1]: Starting Nameserver information manager...
         Starting Nameserver information manager...
[   37.371167] systemd[1]: Starting Monitoring of LVM2 mirrors, snapshots etc. using dmeventd or progress polling...
         Starting Monitoring of LVM2 mirrors... dmeventd or progress polling...
[   37.445590] systemd[1]: Mounting Huge Pages File System...
         Mounting Huge Pages File System...
[   37.489831] systemd[1]: Listening on Syslog Socket.
[[0;32m  OK  [0m] Listening on Syslog Socket.
[   37.549825] systemd[1]: Starting Journal Service...
         Starting Journal Service...
[   37.587539] systemd[1]: Mounting POSIX Message Queue File System...
         Mounting POSIX Message Queue File System...
[   37.643166] systemd[1]: Mounted POSIX Message Queue File System.
[[0;32m  OK  [0m] Mounted POSIX Message Queue File System.
[   37.714202] systemd[1]: Mounted Debug File System.
[[0;32m  OK  [0m] Mounted Debug File System.
[   37.777970] systemd[1]: Mounted Huge Pages File System.
[[0;32m  OK  [0m] Mounted Huge Pages File System.
[   37.818169] systemd[1]: Started Journal Service.
[[0;32m  OK  [0m] Started Journal Service.
[[0;32m  OK  [0m] Started Remount Root and Kernel File Systems.
[[0;32m  OK  [0m] Started Load Kernel Modules.
[[0;32m  OK  [0m] Started Uncomplicated firewall.
[[0;32m  OK  [0m] Started Create list of required sta...ce nodes for the current kernel.
[[0;32m  OK  [0m] Started Set console keymap.
[[0;32m  OK  [0m] Started Nameserver information manager.
[[0;32m  OK  [0m] Started LVM2 metadata daemon.
         Starting Create Static Device Nodes in /dev...
         Mounting FUSE Control File System...
         Starting Apply Kernel Variables...
         Starting Load/Save Random Seed...
         Starting udev Coldplug all Devices...
         Starting Flush Journal to Persistent Storage...
[[0;32m  OK  [0m] Mounted FUSE Control File System.
[[0;32m  OK  [0m] Started Create Static Device Nodes in /dev.
[[0;32m  OK  [0m] Started Monitoring of LVM2 mirrors,...ng dmeventd or progress polling.
[[0;32m  OK  [0m] Started Apply Kernel Variables.
[[0;32m  OK  [0m] Started Load/Save Random Seed.
[[0;32m  OK  [0m] Started udev Coldplug all Devices.
[[0;32m  OK  [0m] Started Flush Journal to Persistent Storage.
         Starting udev Kernel Device Manager...
[[0;32m  OK  [0m] Started udev Kernel Device Manager.
[[0;32m  OK  [0m] Reached target Local File Systems (Pre).
[[0;32m  OK  [0m] Reached target Local File Systems.
         Starting Tell Plymouth To Write Out Runtime Data...
         Starting Create Volatile Files and Directories...
         Starting LSB: AppArmor initialization...
         Starting Set console font and keymap...
         Starting Initial cloud-init job (pre-networking)...
[[0;32m  OK  [0m] Started Dispatch Password Requests to Console Directory Watch.
[[0;32m  OK  [0m] Started Tell Plymouth To Write Out Runtime Data.
[[0;32m  OK  [0m] Started Create Volatile Files and Directories.
[[0;32m  OK  [0m] Found device /dev/ttyS0.
[[0;32m  OK  [0m] Listening on Load/Save RF Kill Switch Status /dev/rfkill Watch.
         Starting Update UTMP about System Boot/Shutdown...
[[0;32m  OK  [0m] Started LSB: AppArmor initialization.
[[0;32m  OK  [0m] Started Set console font and keymap.
[[0;32m  OK  [0m] Created slice system-getty.slice.
[[0;32m  OK  [0m] Started Update UTMP about System Boot/Shutdown.
[   20.605681] cloud-init[651]: Cloud-init v. 18.3-9-g2e62cb8a-0ubuntu1~16.04.2 running 'init-local' at Tue, 28 Aug 2018 19:19:48 +0000. Up 20.29 seconds.
[[0;32m  OK  [0m] Started Initial cloud-init job (pre-networking).
[[0;32m  OK  [0m] Reached target Network (Pre).
[[0;32m  OK  [0m] Started ifup for enp0s8.
         Starting Raise network interfaces...
[[0;32m  OK  [0m] Started ifup for enp0s3.
[[0;32m  OK  [0m] Started Raise network interfaces.
         Starting Initial cloud-init job (metadata service crawler)...
[[0;32m  OK  [0m] Reached target Network.
[   21.990861] cloud-init[1053]: Cloud-init v. 18.3-9-g2e62cb8a-0ubuntu1~16.04.2 running 'init' at Tue, 28 Aug 2018 19:19:50 +0000. Up 21.53 seconds.
[[0;32m  OK  [0m[   22.080693] ] cloud-initStarted Initial cloud-init job (metadata service crawler).[1053]: 
ci-info: ++++++++++++++++++++++++++++++++++++++Net device info++++++++++++++++++++++++++++++++++++++
[   22.184780] cloud-init[1053]: ci-info: +--------+------+----------------------------+---------------+--------+-------------------+
[[0;32m  OK  [0m] Reached target Network is Online.
[   22.296692] cloud-init[1053]: ci-info: | Device |  Up  |          Address           |      Mask     | Scope  |     Hw-Address    |
[   22.297496] cloud-init[1053]: ci-info: +--------+------+----------------------------+---------------+--------+-------------------+
         Starting iSCSI initiator daemon (iscsid)...
[[0;32m  OK  [0m[   22.297634] ] cloud-initReached target Cloud-config availability.[1053]: 
ci-info: | enp0s3 | True |         10.0.2.15          | 255.255.255.0 | global | 02:93:23:4d:82:b3 |
[[   22.658401] cloud-init[1053]: ci-info: | enp0s3 | True | fe80::93:23ff:fe4d:82b3/64 |       .       |  link  | 02:93:23:4d:82:b3 |
[   22.659259] cloud-init[1053]: ci-info: | enp0s8 | True |       192.168.11.100       | 255.255.255.0 | global | 08:00:27:cb:01:fb |
[0;32m  OK  [0m] Reached target System Initialization.
[[0;32m  OK  [0m[   22.659568] ] cloud-initStarted Daily Cleanup of Temporary Directories.[1053]: 
ci-info: | enp0s8 | True | fe80::a00:27ff:fecb:1fb/64 |       .       |  link  | 08:00:27:cb:01:fb |
[   23.000708] cloud-init[1053]: ci-info: |   lo   | True |         127.0.0.1          |   255.0.0.0   |  host  |         .         |
[   23.001293] cloud-init[1053]: ci-info: |   lo   | True |          ::1/128           |       .       |  host  |         .         |
[[0;32m  OK  [0m] Started ACPI Events Check.
[[0;32m  OK  [0m[   23.185824] ] cloud-initReached target Paths.[1053]: 
ci-info: +--------+------+----------------------------+---------------+--------+-------------------+
[   23.186882] cloud-init[1053]: ci-info: ++++++++++++++++++++++++++++Route IPv4 info++++++++++++++++++++++++++++
[   23.450927] cloud-init[1053]: ci-info: +-------+--------------+----------+---------------+-----------+-------+
[   23.451303] cloud-init[1053]: ci-info: | Route | Destination  | Gateway  |    Genmask    | Interface | Flags |
         Starting Socket activation for snappy daemon.
[   23.451537] cloud-init[1053]: ci-info: +-------+--------------+----------+---------------+-----------+-------+
[   23.789048] cloud-init[1053]: ci-info: |   0   |   0.0.0.0    | 10.0.2.2 |    0.0.0.0    |   enp0s3  |   UG  |
[   23.880444] cloud-init[1053]: ci-info: |   1   |   10.0.2.0   | 0.0.0.0  | 255.255.255.0 |   enp0s3  |   U   |
[   23.881072] cloud-init[1053]: ci-info: |   2   | 192.168.11.0 | 0.0.0.0  | 255.255.255.0 |   enp0s8  |   U   |
[[0;32m  OK  [0m] Started Daily apt download activities.
[[   23.881355] cloud-init[1053]: ci-info: +-------+--------------+----------+---------------+-----------+-------+
[   24.149372] cloud-init[1053]: ci-info: +++++++++++++++++++Route IPv6 info+++++++++++++++++++
[0;32m  OK  [0m] Started Daily apt upgrade and clean activities.
[[   24.149601] cloud-init[1053]: ci-info: +-------+-------------+---------+-----------+-------+
[0;32m  OK  [0m] Reached target Timers.
[   24.369585] cloud-init[1053]: ci-info: | Route | Destination | Gateway | Interface | Flags |
         [   24.607006] Starting LXD - unix socket.cloud-init
[1053]: ci-info: +-------+-------------+---------+-----------+-------+
[   24.693260] cloud-init[1053]: ci-info: |   0   |  fe80::/64  |    ::   |   enp0s8  |   U   |
[   24.693670] cloud-init[1053]: ci-info: |   1   |  fe80::/64  |    ::   |   enp0s3  |   U   |
[[0;32m  OK  [0m] Listening on D-Bus System Message Bus Socket.
[   24.693992] cloud-init[1053]: ci-info: |   4   |   ff00::/8  |    ::   |   enp0s8  |   U   |
[   24.931561] cloud-init[1053]: ci-info: |   5   |   ff00::/8  |    ::   |   enp0s3  |   U   |
[   24.932014] cloud-init[1053]: ci-info: +-------+-------------+---------+-----------+-------+
[[0;32m  OK  [0m] Listening on ACPID Listen Socket.
[[0;32m  OK  [0m] Listening on UUID daemon activation socket.
[[0;32m  OK  [0m] Listening on Socket activation for snappy daemon.
[[0;32m  OK  [0m] Listening on LXD - unix socket.
[[0;32m  OK  [0m] Started iSCSI initiator daemon (iscsid).
         Starting Login to default iSCSI targets...
[[0;32m  OK  [0m] Reached target Sockets.
[[0;32m  OK  [0m] Reached target Basic System.
[[0;32m  OK  [0m] Started Regular background program processing daemon.
         Starting Login Service...
         Starting LSB: Record successful boot for GRUB...
         Starting Accounts Service...
         Starting /etc/rc.local Compatibility...
[[0;32m  OK  [0m] Started Unattended Upgrades Shutdown.
         Starting LSB: MD monitoring daemon...
         Starting System Logging Service...
[[0;32m  OK  [0m] Started ACPI event daemon.
         Starting Virtualbox guest utils...
         Starting LXD - container startup/shutdown...
         Starting OpenBSD Secure Shell server...
[[0;32m  OK  [0m] Started FUSE filesystem for LXC.
[[0;32m  OK  [0m] Started D-Bus System Message Bus.
         Starting Snappy daemon...
[[0;32m  OK  [0m] Started Deferred execution scheduler.
[[0;32m  OK  [0m] Started System Logging Service.
[[0;32m  OK  [0m] Started OpenBSD Secure Shell server.
[[0;32m  OK  [0m] Started /etc/rc.local Compatibility.
[[0;32m  OK  [0m] Started LXD - container startup/shutdown.
[[0;32m  OK  [0m] Started Snappy daemon.
[[0;32m  OK  [0m] Started Login to default iSCSI targets.
[[0;32m  OK  [0m] Started LSB: MD monitoring daemon.
[[0;32m  OK  [0m] Started LSB: Record successful boot for GRUB.
[[0;32m  OK  [0m] Started Virtualbox guest utils.
[[0;32m  OK  [0m] Started Login Service.
         Starting Authenticate and Authorize Users to Run Privileged Tasks...
[[0;32m  OK  [0m] Reached target Remote File Systems (Pre).
[[0;32m  OK  [0m] Reached target Remote File Systems.
         Starting Permit User Sessions...
         Starting LSB: daemon to balance interrupts for SMP systems...
         Starting LSB: automatic crash report generation...
         Starting LSB: Set the CPU Frequency Scaling governor to "ondemand"...
         Starting Wait until snapd is fully seeded...
[[0;32m  OK  [0m] Started Permit User Sessions.
[[0;32m  OK  [0m] Started Wait until snapd is fully seeded.
[[0;32m  OK  [0m] Started Authenticate and Authorize Users to Run Privileged Tasks.
[[0;32m  OK  [0m] Started Accounts Service.
[[0;32m  OK  [0m] Created slice User Slice of vagrant.
[[0;32m  OK  [0m] Started Session 1 of user vagrant.
         Starting User Manager for UID 1000...
         Starting Apply the settings specified in cloud-config...
         Starting Terminate Plymouth Boot Screen...
         Starting Hold until boot process finishes up...
[[0;32m  OK  [0m] Started User Manager for UID 1000.
[[0;32m  OK  [0m] Started LSB: daemon to balance interrupts for SMP systems.
[[0;32m  OK  [0m] Started LSB: automatic crash report generation.
[[0;32m  OK  [0m] Started LSB: Set the CPU Frequency Scaling governor to "ondemand".
[[0;32m  OK  [0m] Started Terminate Plymouth Boot Screen.
[[0;32m  OK  [0m] Started Hold until boot process finishes up.
[[0;32m  OK  [0m] Started Serial Getty on ttyS0.
[[0;32m  OK  [0m] Started Getty on tty1.
[[0;32m  OK  [0m] Reached target Login Prompts.
         Starting Set console scheme...
[[   27.780672] cloud-init[1284]: Cloud-init v. 18.3-9-g2e62cb8a-0ubuntu1~16.04.2 running 'modules:config' at Tue, 28 Aug 2018 19:19:56 +0000. Up 27.66 seconds.
[0;32m  OK  [0m] Reached target Multi-User System.
[[0;32m  OK  [0m] Reached target Graphical Interface.
         Starting Update UTMP about System Runlevel Changes...
[[0;32m  OK  [0m] Started Apply the settings specified in cloud-config.
[[0;32m  OK  [0m] Started Set console scheme.
[[0;32m  OK  [0m] Started Update UTMP about System Runlevel Changes.
         Starting Execute cloud user/final scripts...
[   28.832650] cloud-init[1310]: Cloud-init v. 18.3-9-g2e62cb8a-0ubuntu1~16.04.2 running 'modules:final' at Tue, 28 Aug 2018 19:19:57 +0000. Up 28.67 seconds.
[   28.863806] cloud-init[1310]: Cloud-init v. 18.3-9-g2e62cb8a-0ubuntu1~16.04.2 finished at Tue, 28 Aug 2018 19:19:57 +0000. Datasource DataSourceNoCloud [seed=/dev/sdb][dsmode=net].  Up 28.82 seconds
[[0;32m  OK  [0m] Started Execute cloud user/final scripts.
[[0;32m  OK  [0m] Reached target Cloud-init target.

Ubuntu 16.04.5 LTS ubuntu-xenial ttyS0

ubuntu-xenial login: 